<?xml version="1.0"?>
<link_info>
   <banner>TI ARM Linker PC v16.9.3.LTS</banner>
   <copyright>Copyright (c) 1996-2017 Texas Instruments Incorporated</copyright>
   <link_time>0x5b222bdd</link_time>
   <link_errors>0x1</link_errors>
   <output_file>FInal_integration_ECUs.out</output_file>
   <entry_point>
      <name>_c_int00</name>
      <address>0x3981</address>
   </entry_point>
   <input_file_list>
      <input_file id="fl-2">
         <path>.\</path>
         <kind>object</kind>
         <file>ECU.obj</file>
         <name>ECU.obj</name>
      </input_file>
      <input_file id="fl-3">
         <path>.\</path>
         <kind>object</kind>
         <file>System.obj</file>
         <name>System.obj</name>
      </input_file>
      <input_file id="fl-4">
         <path>.\</path>
         <kind>object</kind>
         <file>UART.obj</file>
         <name>UART.obj</name>
      </input_file>
      <input_file id="fl-5">
         <path>.\</path>
         <kind>object</kind>
         <file>global.obj</file>
         <name>global.obj</name>
      </input_file>
      <input_file id="fl-6">
         <path>.\</path>
         <kind>object</kind>
         <file>main.obj</file>
         <name>main.obj</name>
      </input_file>
      <input_file id="fl-7">
         <path>.\</path>
         <kind>object</kind>
         <file>tm4c123gh6pm_startup_ccs.obj</file>
         <name>tm4c123gh6pm_startup_ccs.obj</name>
      </input_file>
      <input_file id="fl-8">
         <path>.\CarIF\</path>
         <kind>object</kind>
         <file>CarIF.obj</file>
         <name>CarIF.obj</name>
      </input_file>
      <input_file id="fl-9">
         <path>.\CarIF\Compass\</path>
         <kind>object</kind>
         <file>Compass.obj</file>
         <name>Compass.obj</name>
      </input_file>
      <input_file id="fl-a">
         <path>.\CarIF\Encoder\</path>
         <kind>object</kind>
         <file>Encoder.obj</file>
         <name>Encoder.obj</name>
      </input_file>
      <input_file id="fl-b">
         <path>.\CarIF\Motor\</path>
         <kind>object</kind>
         <file>Motor_DIO.obj</file>
         <name>Motor_DIO.obj</name>
      </input_file>
      <input_file id="fl-c">
         <path>.\CarIF\Motor\</path>
         <kind>object</kind>
         <file>Motor_PID.obj</file>
         <name>Motor_PID.obj</name>
      </input_file>
      <input_file id="fl-d">
         <path>.\CarIF\Motor\</path>
         <kind>object</kind>
         <file>Motor_PWM.obj</file>
         <name>Motor_PWM.obj</name>
      </input_file>
      <input_file id="fl-e">
         <path>.\CarIF\Servo\</path>
         <kind>object</kind>
         <file>Servo.obj</file>
         <name>Servo.obj</name>
      </input_file>
      <input_file id="fl-f">
         <path>.\CarIF\Tempreature\</path>
         <kind>object</kind>
         <file>Tempreature.obj</file>
         <name>Tempreature.obj</name>
      </input_file>
      <input_file id="fl-10">
         <path>.\CarIF\Ultrasonic\</path>
         <kind>object</kind>
         <file>Ultrasonic.obj</file>
         <name>Ultrasonic.obj</name>
      </input_file>
      <input_file id="fl-11">
         <path>.\driverlib\</path>
         <kind>object</kind>
         <file>adc.obj</file>
         <name>adc.obj</name>
      </input_file>
      <input_file id="fl-12">
         <path>.\driverlib\</path>
         <kind>object</kind>
         <file>aes.obj</file>
         <name>aes.obj</name>
      </input_file>
      <input_file id="fl-13">
         <path>.\driverlib\</path>
         <kind>object</kind>
         <file>can.obj</file>
         <name>can.obj</name>
      </input_file>
      <input_file id="fl-14">
         <path>.\driverlib\</path>
         <kind>object</kind>
         <file>comp.obj</file>
         <name>comp.obj</name>
      </input_file>
      <input_file id="fl-15">
         <path>.\driverlib\</path>
         <kind>object</kind>
         <file>cpu.obj</file>
         <name>cpu.obj</name>
      </input_file>
      <input_file id="fl-16">
         <path>.\driverlib\</path>
         <kind>object</kind>
         <file>crc.obj</file>
         <name>crc.obj</name>
      </input_file>
      <input_file id="fl-17">
         <path>.\driverlib\</path>
         <kind>object</kind>
         <file>des.obj</file>
         <name>des.obj</name>
      </input_file>
      <input_file id="fl-18">
         <path>.\driverlib\</path>
         <kind>object</kind>
         <file>eeprom.obj</file>
         <name>eeprom.obj</name>
      </input_file>
      <input_file id="fl-19">
         <path>.\driverlib\</path>
         <kind>object</kind>
         <file>emac.obj</file>
         <name>emac.obj</name>
      </input_file>
      <input_file id="fl-1a">
         <path>.\driverlib\</path>
         <kind>object</kind>
         <file>epi.obj</file>
         <name>epi.obj</name>
      </input_file>
      <input_file id="fl-1b">
         <path>.\driverlib\</path>
         <kind>object</kind>
         <file>epi_workaround_ccs.obj</file>
         <name>epi_workaround_ccs.obj</name>
      </input_file>
      <input_file id="fl-1c">
         <path>.\driverlib\</path>
         <kind>object</kind>
         <file>flash.obj</file>
         <name>flash.obj</name>
      </input_file>
      <input_file id="fl-1d">
         <path>.\driverlib\</path>
         <kind>object</kind>
         <file>fpu.obj</file>
         <name>fpu.obj</name>
      </input_file>
      <input_file id="fl-1e">
         <path>.\driverlib\</path>
         <kind>object</kind>
         <file>gpio.obj</file>
         <name>gpio.obj</name>
      </input_file>
      <input_file id="fl-1f">
         <path>.\driverlib\</path>
         <kind>object</kind>
         <file>hibernate.obj</file>
         <name>hibernate.obj</name>
      </input_file>
      <input_file id="fl-20">
         <path>.\driverlib\</path>
         <kind>object</kind>
         <file>i2c.obj</file>
         <name>i2c.obj</name>
      </input_file>
      <input_file id="fl-21">
         <path>.\driverlib\</path>
         <kind>object</kind>
         <file>interrupt.obj</file>
         <name>interrupt.obj</name>
      </input_file>
      <input_file id="fl-22">
         <path>.\driverlib\</path>
         <kind>object</kind>
         <file>lcd.obj</file>
         <name>lcd.obj</name>
      </input_file>
      <input_file id="fl-23">
         <path>.\driverlib\</path>
         <kind>object</kind>
         <file>mpu.obj</file>
         <name>mpu.obj</name>
      </input_file>
      <input_file id="fl-24">
         <path>.\driverlib\</path>
         <kind>object</kind>
         <file>onewire.obj</file>
         <name>onewire.obj</name>
      </input_file>
      <input_file id="fl-25">
         <path>.\driverlib\</path>
         <kind>object</kind>
         <file>pwm.obj</file>
         <name>pwm.obj</name>
      </input_file>
      <input_file id="fl-26">
         <path>.\driverlib\</path>
         <kind>object</kind>
         <file>qei.obj</file>
         <name>qei.obj</name>
      </input_file>
      <input_file id="fl-27">
         <path>.\driverlib\</path>
         <kind>object</kind>
         <file>shamd5.obj</file>
         <name>shamd5.obj</name>
      </input_file>
      <input_file id="fl-28">
         <path>.\driverlib\</path>
         <kind>object</kind>
         <file>ssi.obj</file>
         <name>ssi.obj</name>
      </input_file>
      <input_file id="fl-29">
         <path>.\driverlib\</path>
         <kind>object</kind>
         <file>sw_crc.obj</file>
         <name>sw_crc.obj</name>
      </input_file>
      <input_file id="fl-2a">
         <path>.\driverlib\</path>
         <kind>object</kind>
         <file>sysctl.obj</file>
         <name>sysctl.obj</name>
      </input_file>
      <input_file id="fl-2b">
         <path>.\driverlib\</path>
         <kind>object</kind>
         <file>sysexc.obj</file>
         <name>sysexc.obj</name>
      </input_file>
      <input_file id="fl-2c">
         <path>.\driverlib\</path>
         <kind>object</kind>
         <file>systick.obj</file>
         <name>systick.obj</name>
      </input_file>
      <input_file id="fl-2d">
         <path>.\driverlib\</path>
         <kind>object</kind>
         <file>timer.obj</file>
         <name>timer.obj</name>
      </input_file>
      <input_file id="fl-2e">
         <path>.\driverlib\</path>
         <kind>object</kind>
         <file>uart.obj</file>
         <name>uart.obj</name>
      </input_file>
      <input_file id="fl-2f">
         <path>.\driverlib\</path>
         <kind>object</kind>
         <file>udma.obj</file>
         <name>udma.obj</name>
      </input_file>
      <input_file id="fl-30">
         <path>.\driverlib\</path>
         <kind>object</kind>
         <file>usb.obj</file>
         <name>usb.obj</name>
      </input_file>
      <input_file id="fl-31">
         <path>.\driverlib\</path>
         <kind>object</kind>
         <file>watchdog.obj</file>
         <name>watchdog.obj</name>
      </input_file>
      <input_file id="fl-39">
         <kind>object</kind>
         <file>&lt;internal&gt;</file>
         <name>&lt;internal&gt;</name>
      </input_file>
      <input_file id="fl-ef">
         <path>C:\ti\ccsv7\tools\compiler\ti-cgt-arm_16.9.3.LTS\lib\</path>
         <kind>archive</kind>
         <file>rtsv7M4_T_le_v4SPD16_eabi.lib</file>
         <name>boot.obj</name>
      </input_file>
      <input_file id="fl-f0">
         <path>C:\ti\ccsv7\tools\compiler\ti-cgt-arm_16.9.3.LTS\lib\</path>
         <kind>archive</kind>
         <file>rtsv7M4_T_le_v4SPD16_eabi.lib</file>
         <name>copy_decompress_lzss.obj</name>
      </input_file>
      <input_file id="fl-f1">
         <path>C:\ti\ccsv7\tools\compiler\ti-cgt-arm_16.9.3.LTS\lib\</path>
         <kind>archive</kind>
         <file>rtsv7M4_T_le_v4SPD16_eabi.lib</file>
         <name>copy_decompress_none.obj</name>
      </input_file>
      <input_file id="fl-f2">
         <path>C:\ti\ccsv7\tools\compiler\ti-cgt-arm_16.9.3.LTS\lib\</path>
         <kind>archive</kind>
         <file>rtsv7M4_T_le_v4SPD16_eabi.lib</file>
         <name>copy_zero_init.obj</name>
      </input_file>
      <input_file id="fl-f3">
         <path>C:\ti\ccsv7\tools\compiler\ti-cgt-arm_16.9.3.LTS\lib\</path>
         <kind>archive</kind>
         <file>rtsv7M4_T_le_v4SPD16_eabi.lib</file>
         <name>e_atan2.obj</name>
      </input_file>
      <input_file id="fl-f4">
         <path>C:\ti\ccsv7\tools\compiler\ti-cgt-arm_16.9.3.LTS\lib\</path>
         <kind>archive</kind>
         <file>rtsv7M4_T_le_v4SPD16_eabi.lib</file>
         <name>exit.obj</name>
      </input_file>
      <input_file id="fl-f5">
         <path>C:\ti\ccsv7\tools\compiler\ti-cgt-arm_16.9.3.LTS\lib\</path>
         <kind>archive</kind>
         <file>rtsv7M4_T_le_v4SPD16_eabi.lib</file>
         <name>fd_add_t2.obj</name>
      </input_file>
      <input_file id="fl-f6">
         <path>C:\ti\ccsv7\tools\compiler\ti-cgt-arm_16.9.3.LTS\lib\</path>
         <kind>archive</kind>
         <file>rtsv7M4_T_le_v4SPD16_eabi.lib</file>
         <name>fd_cmp_t2.obj</name>
      </input_file>
      <input_file id="fl-f7">
         <path>C:\ti\ccsv7\tools\compiler\ti-cgt-arm_16.9.3.LTS\lib\</path>
         <kind>archive</kind>
         <file>rtsv7M4_T_le_v4SPD16_eabi.lib</file>
         <name>fd_div_t2.obj</name>
      </input_file>
      <input_file id="fl-f8">
         <path>C:\ti\ccsv7\tools\compiler\ti-cgt-arm_16.9.3.LTS\lib\</path>
         <kind>archive</kind>
         <file>rtsv7M4_T_le_v4SPD16_eabi.lib</file>
         <name>fd_mul_t2.obj</name>
      </input_file>
      <input_file id="fl-f9">
         <path>C:\ti\ccsv7\tools\compiler\ti-cgt-arm_16.9.3.LTS\lib\</path>
         <kind>archive</kind>
         <file>rtsv7M4_T_le_v4SPD16_eabi.lib</file>
         <name>fd_tou_t2.obj</name>
      </input_file>
      <input_file id="fl-fa">
         <path>C:\ti\ccsv7\tools\compiler\ti-cgt-arm_16.9.3.LTS\lib\</path>
         <kind>archive</kind>
         <file>rtsv7M4_T_le_v4SPD16_eabi.lib</file>
         <name>i_tofd_t2.obj</name>
      </input_file>
      <input_file id="fl-fb">
         <path>C:\ti\ccsv7\tools\compiler\ti-cgt-arm_16.9.3.LTS\lib\</path>
         <kind>archive</kind>
         <file>rtsv7M4_T_le_v4SPD16_eabi.lib</file>
         <name>memcpy_t2.obj</name>
      </input_file>
      <input_file id="fl-fc">
         <path>C:\ti\ccsv7\tools\compiler\ti-cgt-arm_16.9.3.LTS\lib\</path>
         <kind>archive</kind>
         <file>rtsv7M4_T_le_v4SPD16_eabi.lib</file>
         <name>memset_t2.obj</name>
      </input_file>
      <input_file id="fl-fd">
         <path>C:\ti\ccsv7\tools\compiler\ti-cgt-arm_16.9.3.LTS\lib\</path>
         <kind>archive</kind>
         <file>rtsv7M4_T_le_v4SPD16_eabi.lib</file>
         <name>mpu_init.obj</name>
      </input_file>
      <input_file id="fl-fe">
         <path>C:\ti\ccsv7\tools\compiler\ti-cgt-arm_16.9.3.LTS\lib\</path>
         <kind>archive</kind>
         <file>rtsv7M4_T_le_v4SPD16_eabi.lib</file>
         <name>pre_init.obj</name>
      </input_file>
      <input_file id="fl-ff">
         <path>C:\ti\ccsv7\tools\compiler\ti-cgt-arm_16.9.3.LTS\lib\</path>
         <kind>archive</kind>
         <file>rtsv7M4_T_le_v4SPD16_eabi.lib</file>
         <name>s_atan.obj</name>
      </input_file>
      <input_file id="fl-100">
         <path>C:\ti\ccsv7\tools\compiler\ti-cgt-arm_16.9.3.LTS\lib\</path>
         <kind>archive</kind>
         <file>rtsv7M4_T_le_v4SPD16_eabi.lib</file>
         <name>stkdepth_vars.obj</name>
      </input_file>
      <input_file id="fl-101">
         <path>C:\ti\ccsv7\tools\compiler\ti-cgt-arm_16.9.3.LTS\lib\</path>
         <kind>archive</kind>
         <file>rtsv7M4_T_le_v4SPD16_eabi.lib</file>
         <name>u_tofd_t2.obj</name>
      </input_file>
      <input_file id="fl-102">
         <path>C:\ti\ccsv7\tools\compiler\ti-cgt-arm_16.9.3.LTS\lib\</path>
         <kind>archive</kind>
         <file>rtsv7M4_T_le_v4SPD16_eabi.lib</file>
         <name>_lock.obj</name>
      </input_file>
      <input_file id="fl-103">
         <path>C:\ti\ccsv7\tools\compiler\ti-cgt-arm_16.9.3.LTS\lib\</path>
         <kind>archive</kind>
         <file>rtsv7M4_T_le_v4SPD16_eabi.lib</file>
         <name>args_main.obj</name>
      </input_file>
      <input_file id="fl-104">
         <path>C:\ti\ccsv7\tools\compiler\ti-cgt-arm_16.9.3.LTS\lib\</path>
         <kind>archive</kind>
         <file>rtsv7M4_T_le_v4SPD16_eabi.lib</file>
         <name>autoinit.obj</name>
      </input_file>
      <input_file id="fl-105">
         <path>C:\ti\ccsv7\tools\compiler\ti-cgt-arm_16.9.3.LTS\lib\</path>
         <kind>archive</kind>
         <file>rtsv7M4_T_le_v4SPD16_eabi.lib</file>
         <name>cpy_tbl.obj</name>
      </input_file>
      <input_file id="fl-106">
         <path>C:\ti\ccsv7\tools\compiler\ti-cgt-arm_16.9.3.LTS\lib\</path>
         <kind>archive</kind>
         <file>rtsv7M4_T_le_v4SPD16_eabi.lib</file>
         <name>startup.obj</name>
      </input_file>
   </input_file_list>
   <object_component_list>
      <object_component id="oc-f">
         <name>.intvecs</name>
         <load_address>0x0</load_address>
         <run_address>0x0</run_address>
         <size>0x26c</size>
         <input_file_ref idref="fl-7"/>
      </object_component>
      <object_component id="oc-31">
         <name>.text</name>
         <load_address>0x26c</load_address>
         <run_address>0x26c</run_address>
         <size>0xa7c</size>
         <input_file_ref idref="fl-10"/>
      </object_component>
      <object_component id="oc-80">
         <name>.text</name>
         <load_address>0xce8</load_address>
         <run_address>0xce8</run_address>
         <size>0x9e8</size>
         <input_file_ref idref="fl-2a"/>
      </object_component>
      <object_component id="oc-1bd">
         <name>.text</name>
         <load_address>0x16d0</load_address>
         <run_address>0x16d0</run_address>
         <size>0x664</size>
         <input_file_ref idref="fl-1e"/>
      </object_component>
      <object_component id="oc-1b7">
         <name>.text</name>
         <load_address>0x1d34</load_address>
         <run_address>0x1d34</run_address>
         <size>0x330</size>
         <input_file_ref idref="fl-20"/>
      </object_component>
      <object_component id="oc-1a5">
         <name>.text</name>
         <load_address>0x2064</load_address>
         <run_address>0x2064</run_address>
         <size>0x310</size>
         <input_file_ref idref="fl-a"/>
      </object_component>
      <object_component id="oc-92">
         <name>.text</name>
         <load_address>0x2374</load_address>
         <run_address>0x2374</run_address>
         <size>0x2f4</size>
         <input_file_ref idref="fl-2d"/>
      </object_component>
      <object_component id="oc-22b">
         <name>.text</name>
         <load_address>0x2668</load_address>
         <run_address>0x2668</run_address>
         <size>0x2ec</size>
         <input_file_ref idref="fl-ff"/>
      </object_component>
      <object_component id="oc-19f">
         <name>.text</name>
         <load_address>0x2954</load_address>
         <run_address>0x2954</run_address>
         <size>0x2d0</size>
         <input_file_ref idref="fl-9"/>
      </object_component>
      <object_component id="oc-8c">
         <name>.text</name>
         <load_address>0x2c24</load_address>
         <run_address>0x2c24</run_address>
         <size>0x2a4</size>
         <input_file_ref idref="fl-21"/>
      </object_component>
      <object_component id="oc-1c8">
         <name>.text</name>
         <load_address>0x2ec8</load_address>
         <run_address>0x2ec8</run_address>
         <size>0x1ec</size>
         <input_file_ref idref="fl-f3"/>
      </object_component>
      <object_component id="oc-1d3">
         <name>.text</name>
         <load_address>0x30b4</load_address>
         <run_address>0x30b4</run_address>
         <size>0x1b6</size>
         <input_file_ref idref="fl-f5"/>
      </object_component>
      <object_component id="oc-1e2">
         <name>.text</name>
         <load_address>0x326a</load_address>
         <run_address>0x326a</run_address>
         <size>0x136</size>
         <input_file_ref idref="fl-f7"/>
      </object_component>
      <object_component id="oc-199">
         <name>.text</name>
         <load_address>0x33a0</load_address>
         <run_address>0x33a0</run_address>
         <size>0x118</size>
         <input_file_ref idref="fl-f"/>
      </object_component>
      <object_component id="oc-1dd">
         <name>.text</name>
         <load_address>0x34b8</load_address>
         <run_address>0x34b8</run_address>
         <size>0xfc</size>
         <input_file_ref idref="fl-f8"/>
      </object_component>
      <object_component id="oc-12c">
         <name>.text</name>
         <load_address>0x35b4</load_address>
         <run_address>0x35b4</run_address>
         <size>0xd0</size>
         <input_file_ref idref="fl-2"/>
      </object_component>
      <object_component id="oc-45">
         <name>.text</name>
         <load_address>0x3684</load_address>
         <run_address>0x3684</run_address>
         <size>0x9c</size>
         <input_file_ref idref="fl-fb"/>
      </object_component>
      <object_component id="oc-1ce">
         <name>.text:__aeabi_cdcmple</name>
         <load_address>0x3720</load_address>
         <run_address>0x3720</run_address>
         <size>0x86</size>
         <input_file_ref idref="fl-f6"/>
      </object_component>
      <object_component id="oc-1d8">
         <name>.text:__aeabi_cdrcmple</name>
         <load_address>0x37a6</load_address>
         <run_address>0x37a6</run_address>
         <size>0x86</size>
         <input_file_ref idref="fl-f6"/>
      </object_component>
      <object_component id="oc-51">
         <name>.text</name>
         <load_address>0x382c</load_address>
         <run_address>0x382c</run_address>
         <size>0x7a</size>
         <input_file_ref idref="fl-fc"/>
      </object_component>
      <object_component id="oc-5d">
         <name>.text</name>
         <load_address>0x38a6</load_address>
         <run_address>0x38a6</run_address>
         <size>0x2</size>
         <input_file_ref idref="fl-fd"/>
      </object_component>
      <object_component id="oc-69">
         <name>.text</name>
         <load_address>0x38a8</load_address>
         <run_address>0x38a8</run_address>
         <size>0x70</size>
         <input_file_ref idref="fl-104"/>
      </object_component>
      <object_component id="oc-12">
         <name>.text:decompress:lzss</name>
         <load_address>0x3918</load_address>
         <run_address>0x3918</run_address>
         <size>0x68</size>
         <input_file_ref idref="fl-f0"/>
      </object_component>
      <object_component id="oc-24">
         <name>.text</name>
         <load_address>0x3980</load_address>
         <run_address>0x3980</run_address>
         <size>0x54</size>
         <input_file_ref idref="fl-ef"/>
      </object_component>
      <object_component id="oc-75">
         <name>.text</name>
         <load_address>0x39d4</load_address>
         <run_address>0x39d4</run_address>
         <size>0x54</size>
         <input_file_ref idref="fl-f4"/>
      </object_component>
      <object_component id="oc-bb">
         <name>.text</name>
         <load_address>0x3a28</load_address>
         <run_address>0x3a28</run_address>
         <size>0x4c</size>
         <input_file_ref idref="fl-105"/>
      </object_component>
      <object_component id="oc-1f8">
         <name>.text</name>
         <load_address>0x3a74</load_address>
         <run_address>0x3a74</run_address>
         <size>0x44</size>
         <input_file_ref idref="fl-f9"/>
      </object_component>
      <object_component id="oc-17f">
         <name>.text</name>
         <load_address>0x3ab8</load_address>
         <run_address>0x3ab8</run_address>
         <size>0x40</size>
         <input_file_ref idref="fl-8"/>
      </object_component>
      <object_component id="oc-df">
         <name>.text</name>
         <load_address>0x3af8</load_address>
         <run_address>0x3af8</run_address>
         <size>0x36</size>
         <input_file_ref idref="fl-15"/>
      </object_component>
      <object_component id="oc-1c3">
         <name>.text</name>
         <load_address>0x3b2e</load_address>
         <run_address>0x3b2e</run_address>
         <size>0x2e</size>
         <input_file_ref idref="fl-fa"/>
      </object_component>
      <object_component id="oc-c9">
         <name>.text</name>
         <load_address>0x3b5c</load_address>
         <run_address>0x3b5c</run_address>
         <size>0x22</size>
         <input_file_ref idref="fl-6"/>
      </object_component>
      <object_component id="oc-1f3">
         <name>.text</name>
         <load_address>0x3b7e</load_address>
         <run_address>0x3b7e</run_address>
         <size>0x20</size>
         <input_file_ref idref="fl-101"/>
      </object_component>
      <object_component id="oc-c1">
         <name>.text</name>
         <load_address>0x3b9e</load_address>
         <run_address>0x3b9e</run_address>
         <size>0x2</size>
         <input_file_ref idref="fl-106"/>
      </object_component>
      <object_component id="oc-6f">
         <name>.text</name>
         <load_address>0x3ba0</load_address>
         <run_address>0x3ba0</run_address>
         <size>0x18</size>
         <input_file_ref idref="fl-103"/>
      </object_component>
      <object_component id="oc-179">
         <name>.text</name>
         <load_address>0x3bb8</load_address>
         <run_address>0x3bb8</run_address>
         <size>0x14</size>
         <input_file_ref idref="fl-3"/>
      </object_component>
      <object_component id="oc-13c">
         <name>.text</name>
         <load_address>0x3bcc</load_address>
         <run_address>0x3bcc</run_address>
         <size>0x14</size>
         <input_file_ref idref="fl-102"/>
      </object_component>
      <object_component id="oc-18">
         <name>.text:decompress:none</name>
         <load_address>0x3be0</load_address>
         <run_address>0x3be0</run_address>
         <size>0xe</size>
         <input_file_ref idref="fl-f1"/>
      </object_component>
      <object_component id="oc-1e">
         <name>.text:decompress:ZI</name>
         <load_address>0x3bee</load_address>
         <run_address>0x3bee</run_address>
         <size>0xc</size>
         <input_file_ref idref="fl-f2"/>
      </object_component>
      <object_component id="oc-2b">
         <name>.text</name>
         <load_address>0x3bfa</load_address>
         <run_address>0x3bfa</run_address>
         <size>0xc</size>
         <input_file_ref idref="fl-7"/>
      </object_component>
      <object_component id="oc-e5">
         <name>.text:SysCtlDelay</name>
         <load_address>0x3c06</load_address>
         <run_address>0x3c06</run_address>
         <size>0x6</size>
         <input_file_ref idref="fl-2a"/>
      </object_component>
      <object_component id="oc-63">
         <name>.text</name>
         <load_address>0x3c0c</load_address>
         <run_address>0x3c0c</run_address>
         <size>0x4</size>
         <input_file_ref idref="fl-fe"/>
      </object_component>
      <object_component id="oc-e9">
         <name>.const:g_pppui32XTALtoVCO</name>
         <load_address>0x3c10</load_address>
         <run_address>0x3c10</run_address>
         <size>0x1b0</size>
         <input_file_ref idref="fl-2a"/>
      </object_component>
      <object_component id="oc-225">
         <name>.const:g_ppui32GPIOIntMapSnowflake</name>
         <load_address>0x3dc0</load_address>
         <run_address>0x3dc0</run_address>
         <size>0xd8</size>
         <input_file_ref idref="fl-1e"/>
      </object_component>
      <object_component id="oc-222">
         <name>.const:g_ppui32GPIOIntMapBlizzard</name>
         <load_address>0x3e98</load_address>
         <run_address>0x3e98</run_address>
         <size>0xc0</size>
         <input_file_ref idref="fl-1e"/>
      </object_component>
      <object_component id="oc-fd">
         <name>.const:g_pui32Regs</name>
         <load_address>0x3f58</load_address>
         <run_address>0x3f58</run_address>
         <size>0x9c</size>
         <input_file_ref idref="fl-21"/>
      </object_component>
      <object_component id="oc-259">
         <name>.const:$O1$$</name>
         <load_address>0x3ff8</load_address>
         <run_address>0x3ff8</run_address>
         <size>0x98</size>
         <input_file_ref idref="fl-ff"/>
      </object_component>
      <object_component id="oc-21f">
         <name>.const:g_pui32GPIOBaseAddrs</name>
         <load_address>0x4090</load_address>
         <run_address>0x4090</run_address>
         <size>0x90</size>
         <input_file_ref idref="fl-1e"/>
      </object_component>
      <object_component id="oc-dc">
         <name>.const:g_pui32Xtals</name>
         <load_address>0x4120</load_address>
         <run_address>0x4120</run_address>
         <size>0x6c</size>
         <input_file_ref idref="fl-2a"/>
      </object_component>
      <object_component id="oc-111">
         <name>.const:g_ppui32TimerIntMap</name>
         <load_address>0x418c</load_address>
         <run_address>0x418c</run_address>
         <size>0x60</size>
         <input_file_ref idref="fl-2d"/>
      </object_component>
      <object_component id="oc-21a">
         <name>.const:g_ppui32I2CIntMapSnowflake</name>
         <load_address>0x41ec</load_address>
         <run_address>0x41ec</run_address>
         <size>0x50</size>
         <input_file_ref idref="fl-20"/>
      </object_component>
      <object_component id="oc-114">
         <name>.const:g_ppui32TimerIntMapSnowflake</name>
         <load_address>0x423c</load_address>
         <run_address>0x423c</run_address>
         <size>0x40</size>
         <input_file_ref idref="fl-2d"/>
      </object_component>
      <object_component id="oc-217">
         <name>.const:g_ppui32I2CIntMap</name>
         <load_address>0x427c</load_address>
         <run_address>0x427c</run_address>
         <size>0x30</size>
         <input_file_ref idref="fl-20"/>
      </object_component>
      <object_component id="oc-e6">
         <name>.const:g_sXTALtoMEMTIM</name>
         <load_address>0x42ac</load_address>
         <run_address>0x42ac</run_address>
         <size>0x30</size>
         <input_file_ref idref="fl-2a"/>
      </object_component>
      <object_component id="oc-100">
         <name>.const:g_pui32Priority</name>
         <load_address>0x42dc</load_address>
         <run_address>0x42dc</run_address>
         <size>0x20</size>
         <input_file_ref idref="fl-21"/>
      </object_component>
      <object_component id="oc-10c">
         <name>.const:g_pui32Dii16Regs</name>
         <load_address>0x42fc</load_address>
         <run_address>0x42fc</run_address>
         <size>0x14</size>
         <input_file_ref idref="fl-21"/>
      </object_component>
      <object_component id="oc-109">
         <name>.const:g_pui32EnRegs</name>
         <load_address>0x4310</load_address>
         <run_address>0x4310</run_address>
         <size>0x14</size>
         <input_file_ref idref="fl-21"/>
      </object_component>
      <object_component id="oc-103">
         <name>.const:g_pui32PendRegs</name>
         <load_address>0x4324</load_address>
         <run_address>0x4324</run_address>
         <size>0x14</size>
         <input_file_ref idref="fl-21"/>
      </object_component>
      <object_component id="oc-106">
         <name>.const:g_pui32UnpendRegs</name>
         <load_address>0x4338</load_address>
         <run_address>0x4338</run_address>
         <size>0x14</size>
         <input_file_ref idref="fl-21"/>
      </object_component>
      <object_component id="oc-ec">
         <name>.const:g_pui32VCOFrequencies</name>
         <load_address>0x434c</load_address>
         <run_address>0x434c</run_address>
         <size>0x8</size>
         <input_file_ref idref="fl-2a"/>
      </object_component>
      <object_component id="oc-287">
         <name>.cinit..data.load</name>
         <load_address>0x4358</load_address>
         <run_address>0x4358</run_address>
         <size>0x2c</size>
      </object_component>
      <object_component id="oc-284">
         <name>__TI_handler_table</name>
         <load_address>0x4384</load_address>
         <run_address>0x4384</run_address>
         <size>0xc</size>
      </object_component>
      <object_component id="oc-288">
         <name>.cinit..bss.load</name>
         <load_address>0x4390</load_address>
         <run_address>0x4390</run_address>
         <size>0x8</size>
      </object_component>
      <object_component id="oc-286">
         <name>.cinit..vtable.load</name>
         <load_address>0x4398</load_address>
         <run_address>0x4398</run_address>
         <size>0x8</size>
      </object_component>
      <object_component id="oc-285">
         <name>__TI_cinit_table</name>
         <load_address>0x43a0</load_address>
         <run_address>0x43a0</run_address>
         <size>0x18</size>
      </object_component>
      <object_component id="oc-fa">
         <name>.vtable</name>
         <uninitialized>true</uninitialized>
         <run_address>0x20000000</run_address>
         <size>0x26c</size>
         <input_file_ref idref="fl-21"/>
      </object_component>
      <object_component id="oc-1e7">
         <name>.data:data</name>
         <load_address>0x20000558</load_address>
         <run_address>0x20000558</run_address>
         <size>0x18</size>
         <input_file_ref idref="fl-9"/>
      </object_component>
      <object_component id="oc-206">
         <name>.data</name>
         <load_address>0x20000570</load_address>
         <run_address>0x20000570</run_address>
         <size>0x10</size>
         <input_file_ref idref="fl-a"/>
      </object_component>
      <object_component id="oc-89">
         <name>.data</name>
         <load_address>0x20000508</load_address>
         <run_address>0x20000508</run_address>
         <size>0x50</size>
         <input_file_ref idref="fl-10"/>
      </object_component>
      <object_component id="oc-d1">
         <name>.data:$O1$$</name>
         <load_address>0x20000580</load_address>
         <run_address>0x20000580</run_address>
         <size>0xc</size>
         <input_file_ref idref="fl-f4"/>
      </object_component>
      <object_component id="oc-7b">
         <name>.data</name>
         <load_address>0x20000594</load_address>
         <run_address>0x20000594</run_address>
         <size>0x4</size>
         <input_file_ref idref="fl-100"/>
      </object_component>
      <object_component id="oc-d4">
         <name>.data:$O1$$</name>
         <load_address>0x2000058c</load_address>
         <run_address>0x2000058c</run_address>
         <size>0x8</size>
         <input_file_ref idref="fl-102"/>
      </object_component>
      <object_component id="oc-1ea">
         <name>.bss</name>
         <uninitialized>true</uninitialized>
         <run_address>0x200004b0</run_address>
         <size>0x14</size>
         <input_file_ref idref="fl-9"/>
      </object_component>
      <object_component id="oc-200">
         <name>.bss</name>
         <uninitialized>true</uninitialized>
         <run_address>0x200004c4</run_address>
         <size>0x8</size>
         <input_file_ref idref="fl-a"/>
      </object_component>
      <object_component id="oc-1af">
         <name>.bss:ui32ADC0Value</name>
         <uninitialized>true</uninitialized>
         <run_address>0x20000490</run_address>
         <size>0x20</size>
         <input_file_ref idref="fl-f"/>
      </object_component>
      <object_component id="oc-1b2">
         <name>.bss</name>
         <uninitialized>true</uninitialized>
         <run_address>0x200004cc</run_address>
         <size>0x8</size>
         <input_file_ref idref="fl-f"/>
      </object_component>
      <object_component id="oc-98">
         <name>.bss:Ultrasonic_Reading</name>
         <uninitialized>true</uninitialized>
         <run_address>0x20000470</run_address>
         <size>0x20</size>
         <input_file_ref idref="fl-10"/>
      </object_component>
      <object_component id="oc-185">
         <name>.common:dist1</name>
         <uninitialized>true</uninitialized>
         <run_address>0x200004d4</run_address>
         <size>0x4</size>
      </object_component>
      <object_component id="oc-188">
         <name>.common:dist2</name>
         <uninitialized>true</uninitialized>
         <run_address>0x200004d8</run_address>
         <size>0x4</size>
      </object_component>
      <object_component id="oc-189">
         <name>.common:dist3</name>
         <uninitialized>true</uninitialized>
         <run_address>0x200004dc</run_address>
         <size>0x4</size>
      </object_component>
      <object_component id="oc-18a">
         <name>.common:dist4</name>
         <uninitialized>true</uninitialized>
         <run_address>0x200004e0</run_address>
         <size>0x4</size>
      </object_component>
      <object_component id="oc-18b">
         <name>.common:dist5</name>
         <uninitialized>true</uninitialized>
         <run_address>0x200004e4</run_address>
         <size>0x4</size>
      </object_component>
      <object_component id="oc-18c">
         <name>.common:dist6</name>
         <uninitialized>true</uninitialized>
         <run_address>0x200004e8</run_address>
         <size>0x4</size>
      </object_component>
      <object_component id="oc-18d">
         <name>.common:dist7</name>
         <uninitialized>true</uninitialized>
         <run_address>0x200004ec</run_address>
         <size>0x4</size>
      </object_component>
      <object_component id="oc-18e">
         <name>.common:dist8</name>
         <uninitialized>true</uninitialized>
         <run_address>0x200004f0</run_address>
         <size>0x4</size>
      </object_component>
      <object_component id="oc-1ed">
         <name>.common:x_</name>
         <uninitialized>true</uninitialized>
         <run_address>0x200004f8</run_address>
         <size>0x4</size>
      </object_component>
      <object_component id="oc-1f1">
         <name>.common:y_</name>
         <uninitialized>true</uninitialized>
         <run_address>0x200004fc</run_address>
         <size>0x4</size>
      </object_component>
      <object_component id="oc-1f0">
         <name>.common:z_</name>
         <uninitialized>true</uninitialized>
         <run_address>0x20000500</run_address>
         <size>0x4</size>
      </object_component>
      <object_component id="oc-203">
         <name>.common:QEI0_flag</name>
         <uninitialized>true</uninitialized>
         <run_address>0x20000504</run_address>
         <size>0x1</size>
      </object_component>
      <object_component id="oc-1fd">
         <name>.common:QEI1_flag</name>
         <uninitialized>true</uninitialized>
         <run_address>0x20000505</run_address>
         <size>0x1</size>
      </object_component>
      <object_component id="oc-205">
         <name>.common:dir</name>
         <uninitialized>true</uninitialized>
         <run_address>0x20000507</run_address>
         <size>0x1</size>
      </object_component>
      <object_component id="oc-204">
         <name>.common:pulse</name>
         <uninitialized>true</uninitialized>
         <run_address>0x200004f4</run_address>
         <size>0x4</size>
      </object_component>
      <object_component id="oc-86">
         <name>.common:ULTRASONIC</name>
         <uninitialized>true</uninitialized>
         <run_address>0x20000506</run_address>
         <size>0x1</size>
      </object_component>
      <object_component id="oc-2a">
         <name>.stack</name>
         <uninitialized>true</uninitialized>
         <run_address>0x2000026c</run_address>
         <size>0x0</size>
         <input_file_ref idref="fl-ef"/>
      </object_component>
      <object_component id="oc-289">
         <name>.stack</name>
         <uninitialized>true</uninitialized>
         <run_address>0x2000026c</run_address>
         <size>0x0</size>
      </object_component>
      <object_component id="oc-186">
         <name>.debug_info</name>
         <load_address>0x0</load_address>
         <run_address>0x0</run_address>
         <size>0x4cb</size>
         <input_file_ref idref="fl-2"/>
      </object_component>
      <object_component id="oc-12d">
         <name>.debug_info</name>
         <load_address>0x4cb</load_address>
         <run_address>0x4cb</run_address>
         <size>0x2e3</size>
         <input_file_ref idref="fl-2"/>
      </object_component>
      <object_component id="oc-190">
         <name>.debug_info</name>
         <load_address>0x7ae</load_address>
         <run_address>0x7ae</run_address>
         <size>0x48</size>
         <input_file_ref idref="fl-2"/>
      </object_component>
      <object_component id="oc-20c">
         <name>.debug_info</name>
         <load_address>0x7f6</load_address>
         <run_address>0x7f6</run_address>
         <size>0xb2</size>
         <input_file_ref idref="fl-2"/>
      </object_component>
      <object_component id="oc-40">
         <name>.debug_info</name>
         <load_address>0x8a8</load_address>
         <run_address>0x8a8</run_address>
         <size>0x84</size>
         <input_file_ref idref="fl-2"/>
      </object_component>
      <object_component id="oc-9c">
         <name>.debug_info</name>
         <load_address>0x92c</load_address>
         <run_address>0x92c</run_address>
         <size>0x18b</size>
         <input_file_ref idref="fl-2"/>
      </object_component>
      <object_component id="oc-17a">
         <name>.debug_info</name>
         <load_address>0xab7</load_address>
         <run_address>0xab7</run_address>
         <size>0x222</size>
         <input_file_ref idref="fl-3"/>
      </object_component>
      <object_component id="oc-cd">
         <name>.debug_info</name>
         <load_address>0xcd9</load_address>
         <run_address>0xcd9</run_address>
         <size>0x265</size>
         <input_file_ref idref="fl-6"/>
      </object_component>
      <object_component id="oc-39">
         <name>.debug_info</name>
         <load_address>0xf3e</load_address>
         <run_address>0xf3e</run_address>
         <size>0x4b6</size>
         <input_file_ref idref="fl-7"/>
      </object_component>
      <object_component id="oc-10">
         <name>.debug_info</name>
         <load_address>0x13f4</load_address>
         <run_address>0x13f4</run_address>
         <size>0xf7</size>
         <input_file_ref idref="fl-7"/>
      </object_component>
      <object_component id="oc-2f">
         <name>.debug_info</name>
         <load_address>0x14eb</load_address>
         <run_address>0x14eb</run_address>
         <size>0x273</size>
         <input_file_ref idref="fl-7"/>
      </object_component>
      <object_component id="oc-1ac">
         <name>.debug_info</name>
         <load_address>0x175e</load_address>
         <run_address>0x175e</run_address>
         <size>0x488</size>
         <input_file_ref idref="fl-8"/>
      </object_component>
      <object_component id="oc-180">
         <name>.debug_info</name>
         <load_address>0x1be6</load_address>
         <run_address>0x1be6</run_address>
         <size>0x290</size>
         <input_file_ref idref="fl-8"/>
      </object_component>
      <object_component id="oc-1ee">
         <name>.debug_info</name>
         <load_address>0x1e76</load_address>
         <run_address>0x1e76</run_address>
         <size>0x62a</size>
         <input_file_ref idref="fl-9"/>
      </object_component>
      <object_component id="oc-1e8">
         <name>.debug_info</name>
         <load_address>0x24a0</load_address>
         <run_address>0x24a0</run_address>
         <size>0xe3</size>
         <input_file_ref idref="fl-9"/>
      </object_component>
      <object_component id="oc-1eb">
         <name>.debug_info</name>
         <load_address>0x2583</load_address>
         <run_address>0x2583</run_address>
         <size>0x11f</size>
         <input_file_ref idref="fl-9"/>
      </object_component>
      <object_component id="oc-1a0">
         <name>.debug_info</name>
         <load_address>0x26a2</load_address>
         <run_address>0x26a2</run_address>
         <size>0x746</size>
         <input_file_ref idref="fl-9"/>
      </object_component>
      <object_component id="oc-f1">
         <name>.debug_info</name>
         <load_address>0x2de8</load_address>
         <run_address>0x2de8</run_address>
         <size>0x8b</size>
         <input_file_ref idref="fl-9"/>
      </object_component>
      <object_component id="oc-1fe">
         <name>.debug_info</name>
         <load_address>0x2e73</load_address>
         <run_address>0x2e73</run_address>
         <size>0x385</size>
         <input_file_ref idref="fl-a"/>
      </object_component>
      <object_component id="oc-201">
         <name>.debug_info</name>
         <load_address>0x31f8</load_address>
         <run_address>0x31f8</run_address>
         <size>0x11f</size>
         <input_file_ref idref="fl-a"/>
      </object_component>
      <object_component id="oc-207">
         <name>.debug_info</name>
         <load_address>0x3317</load_address>
         <run_address>0x3317</run_address>
         <size>0x134</size>
         <input_file_ref idref="fl-a"/>
      </object_component>
      <object_component id="oc-1a6">
         <name>.debug_info</name>
         <load_address>0x344b</load_address>
         <run_address>0x344b</run_address>
         <size>0x469</size>
         <input_file_ref idref="fl-a"/>
      </object_component>
      <object_component id="oc-1b6">
         <name>.debug_info</name>
         <load_address>0x38b4</load_address>
         <run_address>0x38b4</run_address>
         <size>0x52b</size>
         <input_file_ref idref="fl-f"/>
      </object_component>
      <object_component id="oc-1b0">
         <name>.debug_info</name>
         <load_address>0x3ddf</load_address>
         <run_address>0x3ddf</run_address>
         <size>0xfd</size>
         <input_file_ref idref="fl-f"/>
      </object_component>
      <object_component id="oc-1b3">
         <name>.debug_info</name>
         <load_address>0x3edc</load_address>
         <run_address>0x3edc</run_address>
         <size>0x125</size>
         <input_file_ref idref="fl-f"/>
      </object_component>
      <object_component id="oc-19a">
         <name>.debug_info</name>
         <load_address>0x4001</load_address>
         <run_address>0x4001</run_address>
         <size>0x42a</size>
         <input_file_ref idref="fl-f"/>
      </object_component>
      <object_component id="oc-87">
         <name>.debug_info</name>
         <load_address>0x442b</load_address>
         <run_address>0x442b</run_address>
         <size>0x735</size>
         <input_file_ref idref="fl-10"/>
      </object_component>
      <object_component id="oc-8a">
         <name>.debug_info</name>
         <load_address>0x4b60</load_address>
         <run_address>0x4b60</run_address>
         <size>0x511</size>
         <input_file_ref idref="fl-10"/>
      </object_component>
      <object_component id="oc-99">
         <name>.debug_info</name>
         <load_address>0x5071</load_address>
         <run_address>0x5071</run_address>
         <size>0x105</size>
         <input_file_ref idref="fl-10"/>
      </object_component>
      <object_component id="oc-32">
         <name>.debug_info</name>
         <load_address>0x5176</load_address>
         <run_address>0x5176</run_address>
         <size>0x1a1e</size>
         <input_file_ref idref="fl-10"/>
      </object_component>
      <object_component id="oc-e0">
         <name>.debug_info</name>
         <load_address>0x6b94</load_address>
         <run_address>0x6b94</run_address>
         <size>0x31e</size>
         <input_file_ref idref="fl-15"/>
      </object_component>
      <object_component id="oc-229">
         <name>.debug_info</name>
         <load_address>0x6eb2</load_address>
         <run_address>0x6eb2</run_address>
         <size>0x36f</size>
         <input_file_ref idref="fl-1e"/>
      </object_component>
      <object_component id="oc-223">
         <name>.debug_info</name>
         <load_address>0x7221</load_address>
         <run_address>0x7221</run_address>
         <size>0x108</size>
         <input_file_ref idref="fl-1e"/>
      </object_component>
      <object_component id="oc-226">
         <name>.debug_info</name>
         <load_address>0x7329</load_address>
         <run_address>0x7329</run_address>
         <size>0x10a</size>
         <input_file_ref idref="fl-1e"/>
      </object_component>
      <object_component id="oc-220">
         <name>.debug_info</name>
         <load_address>0x7433</load_address>
         <run_address>0x7433</run_address>
         <size>0xfc</size>
         <input_file_ref idref="fl-1e"/>
      </object_component>
      <object_component id="oc-1c0">
         <name>.debug_info</name>
         <load_address>0x752f</load_address>
         <run_address>0x752f</run_address>
         <size>0x2dcb</size>
         <input_file_ref idref="fl-1e"/>
      </object_component>
      <object_component id="oc-21e">
         <name>.debug_info</name>
         <load_address>0xa2fa</load_address>
         <run_address>0xa2fa</run_address>
         <size>0x360</size>
         <input_file_ref idref="fl-20"/>
      </object_component>
      <object_component id="oc-218">
         <name>.debug_info</name>
         <load_address>0xa65a</load_address>
         <run_address>0xa65a</run_address>
         <size>0xf5</size>
         <input_file_ref idref="fl-20"/>
      </object_component>
      <object_component id="oc-21b">
         <name>.debug_info</name>
         <load_address>0xa74f</load_address>
         <run_address>0xa74f</run_address>
         <size>0x107</size>
         <input_file_ref idref="fl-20"/>
      </object_component>
      <object_component id="oc-1b8">
         <name>.debug_info</name>
         <load_address>0xa856</load_address>
         <run_address>0xa856</run_address>
         <size>0x2a95</size>
         <input_file_ref idref="fl-20"/>
      </object_component>
      <object_component id="oc-110">
         <name>.debug_info</name>
         <load_address>0xd2eb</load_address>
         <run_address>0xd2eb</run_address>
         <size>0x33d</size>
         <input_file_ref idref="fl-21"/>
      </object_component>
      <object_component id="oc-101">
         <name>.debug_info</name>
         <load_address>0xd628</load_address>
         <run_address>0xd628</run_address>
         <size>0xf7</size>
         <input_file_ref idref="fl-21"/>
      </object_component>
      <object_component id="oc-fe">
         <name>.debug_info</name>
         <load_address>0xd71f</load_address>
         <run_address>0xd71f</run_address>
         <size>0xef</size>
         <input_file_ref idref="fl-21"/>
      </object_component>
      <object_component id="oc-10a">
         <name>.debug_info</name>
         <load_address>0xd80e</load_address>
         <run_address>0xd80e</run_address>
         <size>0xf3</size>
         <input_file_ref idref="fl-21"/>
      </object_component>
      <object_component id="oc-10d">
         <name>.debug_info</name>
         <load_address>0xd901</load_address>
         <run_address>0xd901</run_address>
         <size>0xf9</size>
         <input_file_ref idref="fl-21"/>
      </object_component>
      <object_component id="oc-104">
         <name>.debug_info</name>
         <load_address>0xd9fa</load_address>
         <run_address>0xd9fa</run_address>
         <size>0xf7</size>
         <input_file_ref idref="fl-21"/>
      </object_component>
      <object_component id="oc-107">
         <name>.debug_info</name>
         <load_address>0xdaf1</load_address>
         <run_address>0xdaf1</run_address>
         <size>0xfb</size>
         <input_file_ref idref="fl-21"/>
      </object_component>
      <object_component id="oc-fb">
         <name>.debug_info</name>
         <load_address>0xdbec</load_address>
         <run_address>0xdbec</run_address>
         <size>0xf8</size>
         <input_file_ref idref="fl-21"/>
      </object_component>
      <object_component id="oc-8d">
         <name>.debug_info</name>
         <load_address>0xdce4</load_address>
         <run_address>0xdce4</run_address>
         <size>0xb77</size>
         <input_file_ref idref="fl-21"/>
      </object_component>
      <object_component id="oc-f0">
         <name>.debug_info</name>
         <load_address>0xe85b</load_address>
         <run_address>0xe85b</run_address>
         <size>0x3c7</size>
         <input_file_ref idref="fl-2a"/>
      </object_component>
      <object_component id="oc-dd">
         <name>.debug_info</name>
         <load_address>0xec22</load_address>
         <run_address>0xec22</run_address>
         <size>0xee</size>
         <input_file_ref idref="fl-2a"/>
      </object_component>
      <object_component id="oc-ea">
         <name>.debug_info</name>
         <load_address>0xed10</load_address>
         <run_address>0xed10</run_address>
         <size>0xfa</size>
         <input_file_ref idref="fl-2a"/>
      </object_component>
      <object_component id="oc-e7">
         <name>.debug_info</name>
         <load_address>0xee0a</load_address>
         <run_address>0xee0a</run_address>
         <size>0xf4</size>
         <input_file_ref idref="fl-2a"/>
      </object_component>
      <object_component id="oc-ed">
         <name>.debug_info</name>
         <load_address>0xeefe</load_address>
         <run_address>0xeefe</run_address>
         <size>0x101</size>
         <input_file_ref idref="fl-2a"/>
      </object_component>
      <object_component id="oc-82">
         <name>.debug_info</name>
         <load_address>0xefff</load_address>
         <run_address>0xefff</run_address>
         <size>0x29f4</size>
         <input_file_ref idref="fl-2a"/>
      </object_component>
      <object_component id="oc-153">
         <name>.debug_info</name>
         <load_address>0x119f3</load_address>
         <run_address>0x119f3</run_address>
         <size>0x51</size>
         <input_file_ref idref="fl-2a"/>
      </object_component>
      <object_component id="oc-118">
         <name>.debug_info</name>
         <load_address>0x11a44</load_address>
         <run_address>0x11a44</run_address>
         <size>0x352</size>
         <input_file_ref idref="fl-2d"/>
      </object_component>
      <object_component id="oc-112">
         <name>.debug_info</name>
         <load_address>0x11d96</load_address>
         <run_address>0x11d96</run_address>
         <size>0xfb</size>
         <input_file_ref idref="fl-2d"/>
      </object_component>
      <object_component id="oc-115">
         <name>.debug_info</name>
         <load_address>0x11e91</load_address>
         <run_address>0x11e91</run_address>
         <size>0x10d</size>
         <input_file_ref idref="fl-2d"/>
      </object_component>
      <object_component id="oc-93">
         <name>.debug_info</name>
         <load_address>0x11f9e</load_address>
         <run_address>0x11f9e</run_address>
         <size>0x2381</size>
         <input_file_ref idref="fl-2d"/>
      </object_component>
      <object_component id="oc-26">
         <name>.debug_info</name>
         <load_address>0x1431f</load_address>
         <run_address>0x1431f</run_address>
         <size>0x160</size>
         <input_file_ref idref="fl-ef"/>
      </object_component>
      <object_component id="oc-a8">
         <name>.debug_info</name>
         <load_address>0x1447f</load_address>
         <run_address>0x1447f</run_address>
         <size>0x293</size>
         <input_file_ref idref="fl-f0"/>
      </object_component>
      <object_component id="oc-16">
         <name>.debug_info</name>
         <load_address>0x14712</load_address>
         <run_address>0x14712</run_address>
         <size>0x245</size>
         <input_file_ref idref="fl-f0"/>
      </object_component>
      <object_component id="oc-3b">
         <name>.debug_info</name>
         <load_address>0x14957</load_address>
         <run_address>0x14957</run_address>
         <size>0x60</size>
         <input_file_ref idref="fl-f0"/>
      </object_component>
      <object_component id="oc-a3">
         <name>.debug_info</name>
         <load_address>0x149b7</load_address>
         <run_address>0x149b7</run_address>
         <size>0x46</size>
         <input_file_ref idref="fl-f0"/>
      </object_component>
      <object_component id="oc-50">
         <name>.debug_info</name>
         <load_address>0x149fd</load_address>
         <run_address>0x149fd</run_address>
         <size>0x2da</size>
         <input_file_ref idref="fl-f1"/>
      </object_component>
      <object_component id="oc-19">
         <name>.debug_info</name>
         <load_address>0x14cd7</load_address>
         <run_address>0x14cd7</run_address>
         <size>0x1df</size>
         <input_file_ref idref="fl-f1"/>
      </object_component>
      <object_component id="oc-4b">
         <name>.debug_info</name>
         <load_address>0x14eb6</load_address>
         <run_address>0x14eb6</run_address>
         <size>0x46</size>
         <input_file_ref idref="fl-f1"/>
      </object_component>
      <object_component id="oc-aa">
         <name>.debug_info</name>
         <load_address>0x14efc</load_address>
         <run_address>0x14efc</run_address>
         <size>0x2c</size>
         <input_file_ref idref="fl-f1"/>
      </object_component>
      <object_component id="oc-5c">
         <name>.debug_info</name>
         <load_address>0x14f28</load_address>
         <run_address>0x14f28</run_address>
         <size>0x2c9</size>
         <input_file_ref idref="fl-f2"/>
      </object_component>
      <object_component id="oc-20">
         <name>.debug_info</name>
         <load_address>0x151f1</load_address>
         <run_address>0x151f1</run_address>
         <size>0x1aa</size>
         <input_file_ref idref="fl-f2"/>
      </object_component>
      <object_component id="oc-57">
         <name>.debug_info</name>
         <load_address>0x1539b</load_address>
         <run_address>0x1539b</run_address>
         <size>0x46</size>
         <input_file_ref idref="fl-f2"/>
      </object_component>
      <object_component id="oc-b2">
         <name>.debug_info</name>
         <load_address>0x153e1</load_address>
         <run_address>0x153e1</run_address>
         <size>0x2c</size>
         <input_file_ref idref="fl-f2"/>
      </object_component>
      <object_component id="oc-232">
         <name>.debug_info</name>
         <load_address>0x1540d</load_address>
         <run_address>0x1540d</run_address>
         <size>0x2ea</size>
         <input_file_ref idref="fl-f3"/>
      </object_component>
      <object_component id="oc-1c9">
         <name>.debug_info</name>
         <load_address>0x156f7</load_address>
         <run_address>0x156f7</run_address>
         <size>0x23c</size>
         <input_file_ref idref="fl-f3"/>
      </object_component>
      <object_component id="oc-233">
         <name>.debug_info</name>
         <load_address>0x15933</load_address>
         <run_address>0x15933</run_address>
         <size>0x39</size>
         <input_file_ref idref="fl-f3"/>
      </object_component>
      <object_component id="oc-d8">
         <name>.debug_info</name>
         <load_address>0x1596c</load_address>
         <run_address>0x1596c</run_address>
         <size>0x3ce</size>
         <input_file_ref idref="fl-f4"/>
      </object_component>
      <object_component id="oc-d2">
         <name>.debug_info</name>
         <load_address>0x15d3a</load_address>
         <run_address>0x15d3a</run_address>
         <size>0x185</size>
         <input_file_ref idref="fl-f4"/>
      </object_component>
      <object_component id="oc-79">
         <name>.debug_info</name>
         <load_address>0x15ebf</load_address>
         <run_address>0x15ebf</run_address>
         <size>0x214</size>
         <input_file_ref idref="fl-f4"/>
      </object_component>
      <object_component id="oc-1d4">
         <name>.debug_info</name>
         <load_address>0x160d3</load_address>
         <run_address>0x160d3</run_address>
         <size>0x144</size>
         <input_file_ref idref="fl-f5"/>
      </object_component>
      <object_component id="oc-1d1">
         <name>.debug_info</name>
         <load_address>0x16217</load_address>
         <run_address>0x16217</run_address>
         <size>0x120</size>
         <input_file_ref idref="fl-f6"/>
      </object_component>
      <object_component id="oc-1d9">
         <name>.debug_info</name>
         <load_address>0x16337</load_address>
         <run_address>0x16337</run_address>
         <size>0x122</size>
         <input_file_ref idref="fl-f6"/>
      </object_component>
      <object_component id="oc-1e4">
         <name>.debug_info</name>
         <load_address>0x16459</load_address>
         <run_address>0x16459</run_address>
         <size>0x132</size>
         <input_file_ref idref="fl-f7"/>
      </object_component>
      <object_component id="oc-1de">
         <name>.debug_info</name>
         <load_address>0x1658b</load_address>
         <run_address>0x1658b</run_address>
         <size>0x132</size>
         <input_file_ref idref="fl-f8"/>
      </object_component>
      <object_component id="oc-1f9">
         <name>.debug_info</name>
         <load_address>0x166bd</load_address>
         <run_address>0x166bd</run_address>
         <size>0x131</size>
         <input_file_ref idref="fl-f9"/>
      </object_component>
      <object_component id="oc-1c4">
         <name>.debug_info</name>
         <load_address>0x167ee</load_address>
         <run_address>0x167ee</run_address>
         <size>0x124</size>
         <input_file_ref idref="fl-fa"/>
      </object_component>
      <object_component id="oc-48">
         <name>.debug_info</name>
         <load_address>0x16912</load_address>
         <run_address>0x16912</run_address>
         <size>0x111</size>
         <input_file_ref idref="fl-fb"/>
      </object_component>
      <object_component id="oc-52">
         <name>.debug_info</name>
         <load_address>0x16a23</load_address>
         <run_address>0x16a23</run_address>
         <size>0x13f</size>
         <input_file_ref idref="fl-fc"/>
      </object_component>
      <object_component id="oc-5e">
         <name>.debug_info</name>
         <load_address>0x16b62</load_address>
         <run_address>0x16b62</run_address>
         <size>0x138</size>
         <input_file_ref idref="fl-fd"/>
      </object_component>
      <object_component id="oc-65">
         <name>.debug_info</name>
         <load_address>0x16c9a</load_address>
         <run_address>0x16c9a</run_address>
         <size>0x148</size>
         <input_file_ref idref="fl-fe"/>
      </object_component>
      <object_component id="oc-261">
         <name>.debug_info</name>
         <load_address>0x16de2</load_address>
         <run_address>0x16de2</run_address>
         <size>0x333</size>
         <input_file_ref idref="fl-ff"/>
      </object_component>
      <object_component id="oc-25a">
         <name>.debug_info</name>
         <load_address>0x17115</load_address>
         <run_address>0x17115</run_address>
         <size>0x126</size>
         <input_file_ref idref="fl-ff"/>
      </object_component>
      <object_component id="oc-22c">
         <name>.debug_info</name>
         <load_address>0x1723b</load_address>
         <run_address>0x1723b</run_address>
         <size>0x4a1</size>
         <input_file_ref idref="fl-ff"/>
      </object_component>
      <object_component id="oc-7c">
         <name>.debug_info</name>
         <load_address>0x176dc</load_address>
         <run_address>0x176dc</run_address>
         <size>0x109</size>
         <input_file_ref idref="fl-100"/>
      </object_component>
      <object_component id="oc-1f4">
         <name>.debug_info</name>
         <load_address>0x177e5</load_address>
         <run_address>0x177e5</run_address>
         <size>0x126</size>
         <input_file_ref idref="fl-101"/>
      </object_component>
      <object_component id="oc-144">
         <name>.debug_info</name>
         <load_address>0x1790b</load_address>
         <run_address>0x1790b</run_address>
         <size>0x2be</size>
         <input_file_ref idref="fl-102"/>
      </object_component>
      <object_component id="oc-d5">
         <name>.debug_info</name>
         <load_address>0x17bc9</load_address>
         <run_address>0x17bc9</run_address>
         <size>0x113</size>
         <input_file_ref idref="fl-102"/>
      </object_component>
      <object_component id="oc-140">
         <name>.debug_info</name>
         <load_address>0x17cdc</load_address>
         <run_address>0x17cdc</run_address>
         <size>0x21f</size>
         <input_file_ref idref="fl-102"/>
      </object_component>
      <object_component id="oc-d0">
         <name>.debug_info</name>
         <load_address>0x17efb</load_address>
         <run_address>0x17efb</run_address>
         <size>0x300</size>
         <input_file_ref idref="fl-103"/>
      </object_component>
      <object_component id="oc-71">
         <name>.debug_info</name>
         <load_address>0x181fb</load_address>
         <run_address>0x181fb</run_address>
         <size>0x167</size>
         <input_file_ref idref="fl-103"/>
      </object_component>
      <object_component id="oc-135">
         <name>.debug_info</name>
         <load_address>0x18362</load_address>
         <run_address>0x18362</run_address>
         <size>0x5e</size>
         <input_file_ref idref="fl-103"/>
      </object_component>
      <object_component id="oc-c8">
         <name>.debug_info</name>
         <load_address>0x183c0</load_address>
         <run_address>0x183c0</run_address>
         <size>0x483</size>
         <input_file_ref idref="fl-104"/>
      </object_component>
      <object_component id="oc-6b">
         <name>.debug_info</name>
         <load_address>0x18843</load_address>
         <run_address>0x18843</run_address>
         <size>0x190</size>
         <input_file_ref idref="fl-104"/>
      </object_component>
      <object_component id="oc-122">
         <name>.debug_info</name>
         <load_address>0x189d3</load_address>
         <run_address>0x189d3</run_address>
         <size>0x39</size>
         <input_file_ref idref="fl-104"/>
      </object_component>
      <object_component id="oc-174">
         <name>.debug_info</name>
         <load_address>0x18a0c</load_address>
         <run_address>0x18a0c</run_address>
         <size>0x39</size>
         <input_file_ref idref="fl-104"/>
      </object_component>
      <object_component id="oc-127">
         <name>.debug_info</name>
         <load_address>0x18a45</load_address>
         <run_address>0x18a45</run_address>
         <size>0xcd</size>
         <input_file_ref idref="fl-104"/>
      </object_component>
      <object_component id="oc-11e">
         <name>.debug_info</name>
         <load_address>0x18b12</load_address>
         <run_address>0x18b12</run_address>
         <size>0x37a</size>
         <input_file_ref idref="fl-105"/>
      </object_component>
      <object_component id="oc-bf">
         <name>.debug_info</name>
         <load_address>0x18e8c</load_address>
         <run_address>0x18e8c</run_address>
         <size>0x183</size>
         <input_file_ref idref="fl-105"/>
      </object_component>
      <object_component id="oc-16f">
         <name>.debug_info</name>
         <load_address>0x1900f</load_address>
         <run_address>0x1900f</run_address>
         <size>0x2c</size>
         <input_file_ref idref="fl-105"/>
      </object_component>
      <object_component id="oc-c2">
         <name>.debug_info</name>
         <load_address>0x1903b</load_address>
         <run_address>0x1903b</run_address>
         <size>0x145</size>
         <input_file_ref idref="fl-106"/>
      </object_component>
      <object_component id="oc-28a">
         <name>.debug_info</name>
         <load_address>0x19180</load_address>
         <run_address>0x19180</run_address>
         <size>0xad</size>
      </object_component>
      <object_component id="oc-1ae">
         <name>.debug_line</name>
         <load_address>0x0</load_address>
         <run_address>0x0</run_address>
         <size>0x73</size>
         <input_file_ref idref="fl-2"/>
      </object_component>
      <object_component id="oc-131">
         <name>.debug_line</name>
         <load_address>0x73</load_address>
         <run_address>0x73</run_address>
         <size>0x78</size>
         <input_file_ref idref="fl-2"/>
      </object_component>
      <object_component id="oc-193">
         <name>.debug_line</name>
         <load_address>0xeb</load_address>
         <run_address>0xeb</run_address>
         <size>0x2c</size>
         <input_file_ref idref="fl-2"/>
      </object_component>
      <object_component id="oc-20f">
         <name>.debug_line</name>
         <load_address>0x117</load_address>
         <run_address>0x117</run_address>
         <size>0x41</size>
         <input_file_ref idref="fl-2"/>
      </object_component>
      <object_component id="oc-43">
         <name>.debug_line</name>
         <load_address>0x158</load_address>
         <run_address>0x158</run_address>
         <size>0x20</size>
         <input_file_ref idref="fl-2"/>
      </object_component>
      <object_component id="oc-9f">
         <name>.debug_line</name>
         <load_address>0x178</load_address>
         <run_address>0x178</run_address>
         <size>0x65</size>
         <input_file_ref idref="fl-2"/>
      </object_component>
      <object_component id="oc-17e">
         <name>.debug_line</name>
         <load_address>0x1dd</load_address>
         <run_address>0x1dd</run_address>
         <size>0x6b</size>
         <input_file_ref idref="fl-3"/>
      </object_component>
      <object_component id="oc-cc">
         <name>.debug_line</name>
         <load_address>0x248</load_address>
         <run_address>0x248</run_address>
         <size>0xae</size>
         <input_file_ref idref="fl-6"/>
      </object_component>
      <object_component id="oc-a2">
         <name>.debug_line</name>
         <load_address>0x2f6</load_address>
         <run_address>0x2f6</run_address>
         <size>0x41</size>
         <input_file_ref idref="fl-7"/>
      </object_component>
      <object_component id="oc-38">
         <name>.debug_line</name>
         <load_address>0x337</load_address>
         <run_address>0x337</run_address>
         <size>0x41</size>
         <input_file_ref idref="fl-7"/>
      </object_component>
      <object_component id="oc-2c">
         <name>.debug_line</name>
         <load_address>0x378</load_address>
         <run_address>0x378</run_address>
         <size>0x9b</size>
         <input_file_ref idref="fl-7"/>
      </object_component>
      <object_component id="oc-20b">
         <name>.debug_line</name>
         <load_address>0x413</load_address>
         <run_address>0x413</run_address>
         <size>0xa6</size>
         <input_file_ref idref="fl-8"/>
      </object_component>
      <object_component id="oc-183">
         <name>.debug_line</name>
         <load_address>0x4b9</load_address>
         <run_address>0x4b9</run_address>
         <size>0x67</size>
         <input_file_ref idref="fl-8"/>
      </object_component>
      <object_component id="oc-242">
         <name>.debug_line</name>
         <load_address>0x520</load_address>
         <run_address>0x520</run_address>
         <size>0x103</size>
         <input_file_ref idref="fl-9"/>
      </object_component>
      <object_component id="oc-23e">
         <name>.debug_line</name>
         <load_address>0x623</load_address>
         <run_address>0x623</run_address>
         <size>0x3e</size>
         <input_file_ref idref="fl-9"/>
      </object_component>
      <object_component id="oc-240">
         <name>.debug_line</name>
         <load_address>0x661</load_address>
         <run_address>0x661</run_address>
         <size>0x3e</size>
         <input_file_ref idref="fl-9"/>
      </object_component>
      <object_component id="oc-1a3">
         <name>.debug_line</name>
         <load_address>0x69f</load_address>
         <run_address>0x69f</run_address>
         <size>0x166</size>
         <input_file_ref idref="fl-9"/>
      </object_component>
      <object_component id="oc-f4">
         <name>.debug_line</name>
         <load_address>0x805</load_address>
         <run_address>0x805</run_address>
         <size>0x20</size>
         <input_file_ref idref="fl-9"/>
      </object_component>
      <object_component id="oc-246">
         <name>.debug_line</name>
         <load_address>0x825</load_address>
         <run_address>0x825</run_address>
         <size>0x3e</size>
         <input_file_ref idref="fl-a"/>
      </object_component>
      <object_component id="oc-248">
         <name>.debug_line</name>
         <load_address>0x863</load_address>
         <run_address>0x863</run_address>
         <size>0x3e</size>
         <input_file_ref idref="fl-a"/>
      </object_component>
      <object_component id="oc-24a">
         <name>.debug_line</name>
         <load_address>0x8a1</load_address>
         <run_address>0x8a1</run_address>
         <size>0x3e</size>
         <input_file_ref idref="fl-a"/>
      </object_component>
      <object_component id="oc-1aa">
         <name>.debug_line</name>
         <load_address>0x8df</load_address>
         <run_address>0x8df</run_address>
         <size>0x14b</size>
         <input_file_ref idref="fl-a"/>
      </object_component>
      <object_component id="oc-216">
         <name>.debug_line</name>
         <load_address>0xa2a</load_address>
         <run_address>0xa2a</run_address>
         <size>0x46</size>
         <input_file_ref idref="fl-f"/>
      </object_component>
      <object_component id="oc-212">
         <name>.debug_line</name>
         <load_address>0xa70</load_address>
         <run_address>0xa70</run_address>
         <size>0x46</size>
         <input_file_ref idref="fl-f"/>
      </object_component>
      <object_component id="oc-214">
         <name>.debug_line</name>
         <load_address>0xab6</load_address>
         <run_address>0xab6</run_address>
         <size>0x46</size>
         <input_file_ref idref="fl-f"/>
      </object_component>
      <object_component id="oc-19d">
         <name>.debug_line</name>
         <load_address>0xafc</load_address>
         <run_address>0xafc</run_address>
         <size>0x99</size>
         <input_file_ref idref="fl-f"/>
      </object_component>
      <object_component id="oc-f7">
         <name>.debug_line</name>
         <load_address>0xb95</load_address>
         <run_address>0xb95</run_address>
         <size>0xd6</size>
         <input_file_ref idref="fl-10"/>
      </object_component>
      <object_component id="oc-f9">
         <name>.debug_line</name>
         <load_address>0xc6b</load_address>
         <run_address>0xc6b</run_address>
         <size>0x44</size>
         <input_file_ref idref="fl-10"/>
      </object_component>
      <object_component id="oc-11a">
         <name>.debug_line</name>
         <load_address>0xcaf</load_address>
         <run_address>0xcaf</run_address>
         <size>0x44</size>
         <input_file_ref idref="fl-10"/>
      </object_component>
      <object_component id="oc-36">
         <name>.debug_line</name>
         <load_address>0xcf3</load_address>
         <run_address>0xcf3</run_address>
         <size>0x614</size>
         <input_file_ref idref="fl-10"/>
      </object_component>
      <object_component id="oc-e3">
         <name>.debug_line</name>
         <load_address>0x1307</load_address>
         <run_address>0x1307</run_address>
         <size>0xbd</size>
         <input_file_ref idref="fl-15"/>
      </object_component>
      <object_component id="oc-258">
         <name>.debug_line</name>
         <load_address>0x13c4</load_address>
         <run_address>0x13c4</run_address>
         <size>0x70</size>
         <input_file_ref idref="fl-1e"/>
      </object_component>
      <object_component id="oc-254">
         <name>.debug_line</name>
         <load_address>0x1434</load_address>
         <run_address>0x1434</run_address>
         <size>0x37</size>
         <input_file_ref idref="fl-1e"/>
      </object_component>
      <object_component id="oc-256">
         <name>.debug_line</name>
         <load_address>0x146b</load_address>
         <run_address>0x146b</run_address>
         <size>0x37</size>
         <input_file_ref idref="fl-1e"/>
      </object_component>
      <object_component id="oc-252">
         <name>.debug_line</name>
         <load_address>0x14a2</load_address>
         <run_address>0x14a2</run_address>
         <size>0x37</size>
         <input_file_ref idref="fl-1e"/>
      </object_component>
      <object_component id="oc-1be">
         <name>.debug_line</name>
         <load_address>0x14d9</load_address>
         <run_address>0x14d9</run_address>
         <size>0x65f</size>
         <input_file_ref idref="fl-1e"/>
      </object_component>
      <object_component id="oc-250">
         <name>.debug_line</name>
         <load_address>0x1b38</load_address>
         <run_address>0x1b38</run_address>
         <size>0x70</size>
         <input_file_ref idref="fl-20"/>
      </object_component>
      <object_component id="oc-24c">
         <name>.debug_line</name>
         <load_address>0x1ba8</load_address>
         <run_address>0x1ba8</run_address>
         <size>0x36</size>
         <input_file_ref idref="fl-20"/>
      </object_component>
      <object_component id="oc-24e">
         <name>.debug_line</name>
         <load_address>0x1bde</load_address>
         <run_address>0x1bde</run_address>
         <size>0x36</size>
         <input_file_ref idref="fl-20"/>
      </object_component>
      <object_component id="oc-1bc">
         <name>.debug_line</name>
         <load_address>0x1c14</load_address>
         <run_address>0x1c14</run_address>
         <size>0x5ba</size>
         <input_file_ref idref="fl-20"/>
      </object_component>
      <object_component id="oc-166">
         <name>.debug_line</name>
         <load_address>0x21ce</load_address>
         <run_address>0x21ce</run_address>
         <size>0x6a</size>
         <input_file_ref idref="fl-21"/>
      </object_component>
      <object_component id="oc-15c">
         <name>.debug_line</name>
         <load_address>0x2238</load_address>
         <run_address>0x2238</run_address>
         <size>0x3c</size>
         <input_file_ref idref="fl-21"/>
      </object_component>
      <object_component id="oc-15a">
         <name>.debug_line</name>
         <load_address>0x2274</load_address>
         <run_address>0x2274</run_address>
         <size>0x3c</size>
         <input_file_ref idref="fl-21"/>
      </object_component>
      <object_component id="oc-162">
         <name>.debug_line</name>
         <load_address>0x22b0</load_address>
         <run_address>0x22b0</run_address>
         <size>0x3c</size>
         <input_file_ref idref="fl-21"/>
      </object_component>
      <object_component id="oc-164">
         <name>.debug_line</name>
         <load_address>0x22ec</load_address>
         <run_address>0x22ec</run_address>
         <size>0x3c</size>
         <input_file_ref idref="fl-21"/>
      </object_component>
      <object_component id="oc-15e">
         <name>.debug_line</name>
         <load_address>0x2328</load_address>
         <run_address>0x2328</run_address>
         <size>0x3c</size>
         <input_file_ref idref="fl-21"/>
      </object_component>
      <object_component id="oc-160">
         <name>.debug_line</name>
         <load_address>0x2364</load_address>
         <run_address>0x2364</run_address>
         <size>0x3c</size>
         <input_file_ref idref="fl-21"/>
      </object_component>
      <object_component id="oc-158">
         <name>.debug_line</name>
         <load_address>0x23a0</load_address>
         <run_address>0x23a0</run_address>
         <size>0x3c</size>
         <input_file_ref idref="fl-21"/>
      </object_component>
      <object_component id="oc-90">
         <name>.debug_line</name>
         <load_address>0x23dc</load_address>
         <run_address>0x23dc</run_address>
         <size>0x296</size>
         <input_file_ref idref="fl-21"/>
      </object_component>
      <object_component id="oc-152">
         <name>.debug_line</name>
         <load_address>0x2672</load_address>
         <run_address>0x2672</run_address>
         <size>0x107</size>
         <input_file_ref idref="fl-2a"/>
      </object_component>
      <object_component id="oc-149">
         <name>.debug_line</name>
         <load_address>0x2779</load_address>
         <run_address>0x2779</run_address>
         <size>0x39</size>
         <input_file_ref idref="fl-2a"/>
      </object_component>
      <object_component id="oc-14e">
         <name>.debug_line</name>
         <load_address>0x27b2</load_address>
         <run_address>0x27b2</run_address>
         <size>0x39</size>
         <input_file_ref idref="fl-2a"/>
      </object_component>
      <object_component id="oc-14c">
         <name>.debug_line</name>
         <load_address>0x27eb</load_address>
         <run_address>0x27eb</run_address>
         <size>0x39</size>
         <input_file_ref idref="fl-2a"/>
      </object_component>
      <object_component id="oc-150">
         <name>.debug_line</name>
         <load_address>0x2824</load_address>
         <run_address>0x2824</run_address>
         <size>0x39</size>
         <input_file_ref idref="fl-2a"/>
      </object_component>
      <object_component id="oc-85">
         <name>.debug_line</name>
         <load_address>0x285d</load_address>
[...]
      </symbol>
      <symbol id="sm-56a">
         <name>SysCtlSRAMSizeGet</name>
         <value>0xd81</value>
         <object_component_ref idref="oc-80"/>
      </symbol>
      <symbol id="sm-56b">
         <name>SysCtlClockGet</name>
         <value>0x132d</value>
         <object_component_ref idref="oc-80"/>
      </symbol>
      <symbol id="sm-56c">
         <name>SysCtlPeripheralDisable</name>
         <value>0xf53</value>
         <object_component_ref idref="oc-80"/>
      </symbol>
      <symbol id="sm-56d">
         <name>SysCtlPWMClockSet</name>
         <value>0x1017</value>
         <object_component_ref idref="oc-80"/>
      </symbol>
      <symbol id="sm-56e">
         <name>SysCtlUSBPLLEnable</name>
         <value>0xd5f</value>
         <object_component_ref idref="oc-80"/>
      </symbol>
      <symbol id="sm-56f">
         <name>SysCtlPeripheralSleepEnable</name>
         <value>0xdbd</value>
         <object_component_ref idref="oc-80"/>
      </symbol>
      <symbol id="sm-570">
         <name>SysCtlIntUnregister</name>
         <value>0x10b9</value>
         <object_component_ref idref="oc-80"/>
      </symbol>
      <symbol id="sm-571">
         <name>SysCtlUSBPLLDisable</name>
         <value>0xd6d</value>
         <object_component_ref idref="oc-80"/>
      </symbol>
      <symbol id="sm-572">
         <name>SysCtlPeripheralReady</name>
         <value>0xe65</value>
         <object_component_ref idref="oc-80"/>
      </symbol>
      <symbol id="sm-573">
         <name>SysCtlPIOSCCalibrate</name>
         <value>0x1037</value>
         <object_component_ref idref="oc-80"/>
      </symbol>
      <symbol id="sm-574">
         <name>SysCtlResetCauseClear</name>
         <value>0xd97</value>
         <object_component_ref idref="oc-80"/>
      </symbol>
      <symbol id="sm-575">
         <name>SysCtlLDOSleepGet</name>
         <value>0x1095</value>
         <object_component_ref idref="oc-80"/>
      </symbol>
      <symbol id="sm-576">
         <name>SysCtlClockFreqSet</name>
         <value>0x14b9</value>
         <object_component_ref idref="oc-80"/>
      </symbol>
      <symbol id="sm-577">
         <name>SysCtlPeripheralReset</name>
         <value>0xe19</value>
         <object_component_ref idref="oc-80"/>
      </symbol>
      <symbol id="sm-5cf">
         <name>TimerMatchSet</name>
         <value>0x2415</value>
         <object_component_ref idref="oc-92"/>
      </symbol>
      <symbol id="sm-5d0">
         <name>TimerLoadSet</name>
         <value>0x244f</value>
         <object_component_ref idref="oc-92"/>
      </symbol>
      <symbol id="sm-5d1">
         <name>TimerDMAEventSet</name>
         <value>0x2525</value>
         <object_component_ref idref="oc-92"/>
      </symbol>
      <symbol id="sm-5d2">
         <name>TimerADCEventSet</name>
         <value>0x2649</value>
         <object_component_ref idref="oc-92"/>
      </symbol>
      <symbol id="sm-5d3">
         <name>TimerPrescaleMatchGet</name>
         <value>0x23f9</value>
         <object_component_ref idref="oc-92"/>
      </symbol>
      <symbol id="sm-5d4">
         <name>TimerControlLevel</name>
         <value>0x25c1</value>
         <object_component_ref idref="oc-92"/>
      </symbol>
      <symbol id="sm-5d5">
         <name>TimerPrescaleGet</name>
         <value>0x2403</value>
         <object_component_ref idref="oc-92"/>
      </symbol>
      <symbol id="sm-5d6">
         <name>TimerDisable</name>
         <value>0x2511</value>
         <object_component_ref idref="oc-92"/>
      </symbol>
      <symbol id="sm-5d7">
         <name>TimerUpdateMode</name>
         <value>0x2395</value>
         <object_component_ref idref="oc-92"/>
      </symbol>
      <symbol id="sm-5d8">
         <name>TimerIntRegister</name>
         <value>0x24d5</value>
         <object_component_ref idref="oc-92"/>
      </symbol>
      <symbol id="sm-5d9">
         <name>TimerMatchSet64</name>
         <value>0x240d</value>
         <object_component_ref idref="oc-92"/>
      </symbol>
      <symbol id="sm-5da">
         <name>TimerEnable</name>
         <value>0x2503</value>
         <object_component_ref idref="oc-92"/>
      </symbol>
      <symbol id="sm-5db">
         <name>TimerLoadGet64</name>
         <value>0x2461</value>
         <object_component_ref idref="oc-92"/>
      </symbol>
      <symbol id="sm-5dc">
         <name>TimerIntUnregister</name>
         <value>0x24b7</value>
         <object_component_ref idref="oc-92"/>
      </symbol>
      <symbol id="sm-5dd">
         <name>TimerValueGet64</name>
         <value>0x2375</value>
         <object_component_ref idref="oc-92"/>
      </symbol>
      <symbol id="sm-5de">
         <name>TimerMatchGet</name>
         <value>0x243d</value>
         <object_component_ref idref="oc-92"/>
      </symbol>
      <symbol id="sm-5df">
         <name>TimerIntStatus</name>
         <value>0x24cb</value>
         <object_component_ref idref="oc-92"/>
      </symbol>
      <symbol id="sm-5e0">
         <name>TimerClockSourceGet</name>
         <value>0x2643</value>
         <object_component_ref idref="oc-92"/>
      </symbol>
      <symbol id="sm-5e1">
         <name>TimerIntDisable</name>
         <value>0x24f5</value>
         <object_component_ref idref="oc-92"/>
      </symbol>
      <symbol id="sm-5e2">
         <name>TimerValueGet</name>
         <value>0x238b</value>
         <object_component_ref idref="oc-92"/>
      </symbol>
      <symbol id="sm-5e3">
         <name>TimerControlTrigger</name>
         <value>0x255f</value>
         <object_component_ref idref="oc-92"/>
      </symbol>
      <symbol id="sm-5e4">
         <name>TimerPrescaleSet</name>
         <value>0x23d5</value>
         <object_component_ref idref="oc-92"/>
      </symbol>
      <symbol id="sm-5e5">
         <name>TimerControlStall</name>
         <value>0x25a9</value>
         <object_component_ref idref="oc-92"/>
      </symbol>
      <symbol id="sm-5e6">
         <name>TimerMatchGet64</name>
         <value>0x2427</value>
         <object_component_ref idref="oc-92"/>
      </symbol>
      <symbol id="sm-5e7">
         <name>TimerRTCEnable</name>
         <value>0x23c1</value>
         <object_component_ref idref="oc-92"/>
      </symbol>
      <symbol id="sm-5e8">
         <name>TimerLoadGet</name>
         <value>0x2477</value>
         <object_component_ref idref="oc-92"/>
      </symbol>
      <symbol id="sm-5e9">
         <name>TimerIntEnable</name>
         <value>0x24ed</value>
         <object_component_ref idref="oc-92"/>
      </symbol>
      <symbol id="sm-5ea">
         <name>TimerClockSourceSet</name>
         <value>0x263d</value>
         <object_component_ref idref="oc-92"/>
      </symbol>
      <symbol id="sm-5eb">
         <name>TimerLoadSet64</name>
         <value>0x2447</value>
         <object_component_ref idref="oc-92"/>
      </symbol>
      <symbol id="sm-5ec">
         <name>TimerDMAEventGet</name>
         <value>0x2529</value>
         <object_component_ref idref="oc-92"/>
      </symbol>
      <symbol id="sm-5ed">
         <name>TimerRTCDisable</name>
         <value>0x23cb</value>
         <object_component_ref idref="oc-92"/>
      </symbol>
      <symbol id="sm-5ee">
         <name>TimerADCEventGet</name>
         <value>0x264d</value>
         <object_component_ref idref="oc-92"/>
      </symbol>
      <symbol id="sm-5ef">
         <name>TimerPrescaleMatchSet</name>
         <value>0x23e7</value>
         <object_component_ref idref="oc-92"/>
      </symbol>
      <symbol id="sm-5f0">
         <name>TimerControlWaitOnTrigger</name>
         <value>0x252d</value>
         <object_component_ref idref="oc-92"/>
      </symbol>
      <symbol id="sm-5f1">
         <name>TimerConfigure</name>
         <value>0x25ef</value>
         <object_component_ref idref="oc-92"/>
      </symbol>
      <symbol id="sm-5f2">
         <name>TimerControlEvent</name>
         <value>0x25d9</value>
         <object_component_ref idref="oc-92"/>
      </symbol>
      <symbol id="sm-5f3">
         <name>TimerIntClear</name>
         <value>0x24ff</value>
         <object_component_ref idref="oc-92"/>
      </symbol>
      <symbol id="sm-5f4">
         <name>TimerSynchronize</name>
         <value>0x23bd</value>
         <object_component_ref idref="oc-92"/>
      </symbol>
      <symbol id="sm-609">
         <name>_c_int00</name>
         <value>0x3981</value>
         <object_component_ref idref="oc-24"/>
      </symbol>
      <symbol id="sm-60a">
         <name>__stack</name>
         <value>0x2000026c</value>
         <object_component_ref idref="oc-2a"/>
      </symbol>
      <symbol id="sm-628">
         <name>__TI_decompress_lzss</name>
         <value>0x3919</value>
         <object_component_ref idref="oc-12"/>
      </symbol>
      <symbol id="sm-63f">
         <name>__TI_decompress_none</name>
         <value>0x3be1</value>
         <object_component_ref idref="oc-18"/>
      </symbol>
      <symbol id="sm-656">
         <name>__TI_zero_init</name>
         <value>0x3bef</value>
         <object_component_ref idref="oc-1e"/>
      </symbol>
      <symbol id="sm-695">
         <name>atan2</name>
         <value>0x2ec9</value>
         <object_component_ref idref="oc-1c8"/>
      </symbol>
      <symbol id="sm-696">
         <name>atan2l</name>
         <value>0x2ec9</value>
         <object_component_ref idref="oc-1c8"/>
      </symbol>
      <symbol id="sm-6b7">
         <name>C$$EXIT</name>
         <value>0x39d5</value>
         <object_component_ref idref="oc-75"/>
      </symbol>
      <symbol id="sm-6b8">
         <name>abort</name>
         <value>0x39d9</value>
         <object_component_ref idref="oc-75"/>
      </symbol>
      <symbol id="sm-6b9">
         <name>exit</name>
         <value>0x39e1</value>
         <object_component_ref idref="oc-75"/>
      </symbol>
      <symbol id="sm-6ba">
         <name>__TI_dtors_ptr</name>
         <value>0x20000584</value>
         <object_component_ref idref="oc-d1"/>
      </symbol>
      <symbol id="sm-6bb">
         <name>__TI_cleanup_ptr</name>
         <value>0x20000580</value>
         <object_component_ref idref="oc-d1"/>
      </symbol>
      <symbol id="sm-6bc">
         <name>__TI_enable_exit_profile_output</name>
         <value>0x20000588</value>
         <object_component_ref idref="oc-d1"/>
      </symbol>
      <symbol id="sm-6d3">
         <name>__aeabi_dsub</name>
         <value>0x30b5</value>
         <object_component_ref idref="oc-1d3"/>
      </symbol>
      <symbol id="sm-6d4">
         <name>__aeabi_dadd</name>
         <value>0x30bf</value>
         <object_component_ref idref="oc-1d3"/>
      </symbol>
      <symbol id="sm-6f6">
         <name>__aeabi_cdcmpeq</name>
         <value>0x3721</value>
         <object_component_ref idref="oc-1ce"/>
      </symbol>
      <symbol id="sm-6f7">
         <name>__aeabi_cdcmple</name>
         <value>0x3721</value>
         <object_component_ref idref="oc-1ce"/>
      </symbol>
      <symbol id="sm-6f8">
         <name>__aeabi_cdrcmple</name>
         <value>0x37a7</value>
         <object_component_ref idref="oc-1d8"/>
      </symbol>
      <symbol id="sm-70c">
         <name>__aeabi_ddiv</name>
         <value>0x326b</value>
         <object_component_ref idref="oc-1e2"/>
      </symbol>
      <symbol id="sm-717">
         <name>__aeabi_dmul</name>
         <value>0x34b9</value>
         <object_component_ref idref="oc-1dd"/>
      </symbol>
      <symbol id="sm-721">
         <name>__aeabi_d2uiz</name>
         <value>0x3a75</value>
         <object_component_ref idref="oc-1f8"/>
      </symbol>
      <symbol id="sm-72b">
         <name>__aeabi_i2d</name>
         <value>0x3b2f</value>
         <object_component_ref idref="oc-1c3"/>
      </symbol>
      <symbol id="sm-746">
         <name>memcpy</name>
         <value>0x3685</value>
         <object_component_ref idref="oc-45"/>
      </symbol>
      <symbol id="sm-747">
         <name>__aeabi_memcpy</name>
         <value>0x3685</value>
         <object_component_ref idref="oc-45"/>
      </symbol>
      <symbol id="sm-748">
         <name>__aeabi_memcpy8</name>
         <value>0x3685</value>
         <object_component_ref idref="oc-45"/>
      </symbol>
      <symbol id="sm-749">
         <name>__aeabi_memcpy4</name>
         <value>0x3685</value>
         <object_component_ref idref="oc-45"/>
      </symbol>
      <symbol id="sm-758">
         <name>__aeabi_memset</name>
         <value>0x382f</value>
         <object_component_ref idref="oc-51"/>
      </symbol>
      <symbol id="sm-759">
         <name>memset</name>
         <value>0x3835</value>
         <object_component_ref idref="oc-51"/>
      </symbol>
      <symbol id="sm-75a">
         <name>__aeabi_memset8</name>
         <value>0x382f</value>
         <object_component_ref idref="oc-51"/>
      </symbol>
      <symbol id="sm-75b">
         <name>__aeabi_memset4</name>
         <value>0x382f</value>
         <object_component_ref idref="oc-51"/>
      </symbol>
      <symbol id="sm-75c">
         <name>__aeabi_memclr8</name>
         <value>0x382d</value>
         <object_component_ref idref="oc-51"/>
      </symbol>
      <symbol id="sm-75d">
         <name>__aeabi_memclr4</name>
         <value>0x382d</value>
         <object_component_ref idref="oc-51"/>
      </symbol>
      <symbol id="sm-75e">
         <name>__aeabi_memclr</name>
         <value>0x382d</value>
         <object_component_ref idref="oc-51"/>
      </symbol>
      <symbol id="sm-768">
         <name>__mpu_init</name>
         <value>0x38a7</value>
         <object_component_ref idref="oc-5d"/>
      </symbol>
      <symbol id="sm-772">
         <name>_system_pre_init</name>
         <value>0x3c0d</value>
         <object_component_ref idref="oc-63"/>
      </symbol>
      <symbol id="sm-7a5">
         <name>atanl</name>
         <value>0x2669</value>
         <object_component_ref idref="oc-22b"/>
      </symbol>
      <symbol id="sm-7a6">
         <name>atan</name>
         <value>0x2669</value>
         <object_component_ref idref="oc-22b"/>
      </symbol>
      <symbol id="sm-7ae">
         <name>main_func_sp</name>
         <value>0x20000594</value>
         <object_component_ref idref="oc-7b"/>
      </symbol>
      <symbol id="sm-7b8">
         <name>__aeabi_ui2d</name>
         <value>0x3b7f</value>
         <object_component_ref idref="oc-1f3"/>
      </symbol>
      <symbol id="sm-7d1">
         <name>_nop</name>
         <value>0x3bdb</value>
         <object_component_ref idref="oc-13c"/>
      </symbol>
      <symbol id="sm-7d2">
         <name>_lock</name>
         <value>0x2000058c</value>
         <object_component_ref idref="oc-d4"/>
      </symbol>
      <symbol id="sm-7d3">
         <name>_unlock</name>
         <value>0x20000590</value>
         <object_component_ref idref="oc-d4"/>
      </symbol>
      <symbol id="sm-7d4">
         <name>_register_lock</name>
         <value>0x3bd3</value>
         <object_component_ref idref="oc-13c"/>
      </symbol>
      <symbol id="sm-7d5">
         <name>_register_unlock</name>
         <value>0x3bcd</value>
         <object_component_ref idref="oc-13c"/>
      </symbol>
      <symbol id="sm-7e9">
         <name>_args_main</name>
         <value>0x3ba1</value>
         <object_component_ref idref="oc-6f"/>
      </symbol>
      <symbol id="sm-813">
         <name>__TI_auto_init</name>
         <value>0x38a9</value>
         <object_component_ref idref="oc-69"/>
      </symbol>
      <symbol id="sm-82d">
         <name>copy_in</name>
         <value>0x3a29</value>
         <object_component_ref idref="oc-bb"/>
      </symbol>
      <symbol id="sm-837">
         <name>_system_post_cinit</name>
         <value>0x3b9f</value>
         <object_component_ref idref="oc-c1"/>
      </symbol>
      <symbol id="sm-838">
         <name>__TI_static_base__</name>
         <value>0x0</value>
      </symbol>
      <symbol id="sm-83b">
         <name>ROM_SysCtlClockSet</name>
         <value>0x0</value>
      </symbol>
      <symbol id="sm-83c">
         <name>ROM_IntMasterEnable</name>
         <value>0x0</value>
      </symbol>
      <symbol id="sm-83d">
         <name>ROM_IntMasterDisable</name>
         <value>0x0</value>
      </symbol>
      <symbol id="sm-83e">
         <name>ROM_SysCtlPeripheralEnable</name>
         <value>0x0</value>
      </symbol>
      <symbol id="sm-83f">
         <name>ROM_ADCHardwareOversampleConfigure</name>
         <value>0x0</value>
      </symbol>
      <symbol id="sm-840">
         <name>ROM_ADCSequenceConfigure</name>
         <value>0x0</value>
      </symbol>
      <symbol id="sm-841">
         <name>ROM_ADCSequenceStepConfigure</name>
         <value>0x0</value>
      </symbol>
      <symbol id="sm-842">
         <name>ROM_ADCSequenceEnable</name>
         <value>0x0</value>
      </symbol>
      <symbol id="sm-843">
         <name>ROM_ADCIntClear</name>
         <value>0x0</value>
      </symbol>
      <symbol id="sm-844">
         <name>ROM_ADCProcessorTrigger</name>
         <value>0x0</value>
      </symbol>
      <symbol id="sm-845">
         <name>ROM_ADCIntStatus</name>
         <value>0x0</value>
      </symbol>
      <symbol id="sm-846">
         <name>ROM_ADCSequenceDataGet</name>
         <value>0x0</value>
      </symbol>
      <symbol id="sm-847">
         <name>ROM_TimerConfigure</name>
         <value>0x0</value>
      </symbol>
      <symbol id="sm-848">
         <name>ROM_TimerIntClear</name>
         <value>0x0</value>
      </symbol>
      <symbol id="sm-849">
         <name>ROM_TimerLoadSet</name>
         <value>0x0</value>
      </symbol>
      <symbol id="sm-84a">
         <name>ROM_TimerEnable</name>
         <value>0x0</value>
      </symbol>
      <symbol id="sm-84b">
         <name>ROM_TimerIntStatus</name>
         <value>0x0</value>
      </symbol>
      <symbol id="sm-84c">
         <name>ROM_TimerDisable</name>
         <value>0x0</value>
      </symbol>
      <symbol id="sm-84d">
         <name>ROM_GPIOPinWrite</name>
         <value>0x0</value>
      </symbol>
      <symbol id="sm-84e">
         <name>ROM_SysCtlPeripheralReady</name>
         <value>0x0</value>
      </symbol>
      <symbol id="sm-84f">
         <name>ROM_GPIODirModeSet</name>
         <value>0x0</value>
      </symbol>
      <symbol id="sm-850">
         <name>ROM_GPIOPadConfigSet</name>
         <value>0x0</value>
      </symbol>
      <symbol id="sm-851">
         <name>ROM_GPIOPinTypeTimer</name>
         <value>0x0</value>
      </symbol>
      <symbol id="sm-852">
         <name>ROM_GPIOPinConfigure</name>
         <value>0x0</value>
      </symbol>
      <symbol id="sm-853">
         <name>ROM_TimerControlEvent</name>
         <value>0x0</value>
      </symbol>
      <symbol id="sm-854">
         <name>ROM_IntEnable</name>
         <value>0x0</value>
      </symbol>
      <symbol id="sm-855">
         <name>ROM_TimerIntEnable</name>
         <value>0x0</value>
      </symbol>
      <symbol id="sm-856">
         <name>ROM_GPIOPinRead</name>
         <value>0x0</value>
      </symbol>
      <symbol id="sm-857">
         <name>ROM_TimerValueGet</name>
         <value>0x0</value>
      </symbol>
      <symbol id="sm-858">
         <name>SHT$$INIT_ARRAY$$Limit</name>
         <value>0x0</value>
      </symbol>
      <symbol id="sm-859">
         <name>SHT$$INIT_ARRAY$$Base</name>
         <value>0x0</value>
      </symbol>
      <symbol id="sm-85a">
         <name>IntPriorityMaskSet</name>
         <value>0x3b1f</value>
      </symbol>
      <symbol id="sm-85b">
         <name>IntPriorityMaskGet</name>
         <value>0x3b25</value>
      </symbol>
      <symbol id="sm-85c">
         <name>SysCtlSleep</name>
         <value>0x3af9</value>
      </symbol>
   </symbol_table>
   <title>Link errors: red sections failed placement</title>
</link_info>
